// Jest Snapshot v1, https://goo.gl/fbAQLP

exports[`当鼠标悬浮时改变class数据 1`] = `
<a
  className="normal"
  href="http://www.facebook.com"
  onMouseEnter={[Function]}
  onMouseLeave={[Function]}
>
   ------- Facebook ------- 
</a>
`;

exports[`当鼠标悬浮时改变class数据 2`] = `
<a
  className="hovered"
  href="http://www.facebook.com"
  onMouseEnter={[Function]}
  onMouseLeave={[Function]}
>
   ------- Facebook ------- 
</a>
`;

exports[`当鼠标悬浮时改变class数据 3`] = `
<a
  className="normal"
  href="http://www.facebook.com"
  onMouseEnter={[Function]}
  onMouseLeave={[Function]}
>
   ------- Facebook ------- 
</a>
`;
